src/components/editor/PropertiesPanel.tsx(159,9): error TS2322: Type 'unknown' is not assignable to type 'ReactNode'.
src/components/editor/PropertiesPanel.tsx(178,9): error TS2322: Type 'unknown' is not assignable to type 'ReactNode'.
src/components/export/ExportDialog.tsx(158,63): error TS2322: Type '"neo"' is not assignable to type '"default" | "destructive" | "outline" | "secondary" | "ghost" | "link" | "premium" | null | undefined'.
src/components/export/ExportPreviewDialog.tsx(83,63): error TS2322: Type '"neo"' is not assignable to type '"default" | "destructive" | "outline" | "secondary" | "ghost" | "link" | "premium" | null | undefined'.
src/pages/EventsListPage.tsx(2,16): error TS6133: 'Bell' is declared but its value is never read.
